   Compiling unicode-ident v1.0.24
    Checking cfg-if v1.0.4
    Checking bitflags v2.13.1
    Checking once_cell v1.21.4
    Checking log v0.4.34
    Checking linux-raw-sys v0.12.1
    Checking foldhash v0.2.0
    Checking arrayvec v0.7.8
   Compiling memchr v2.8.3
    Checking scopeguard v1.2.0
    Checking scoped-tls v1.0.1
    Checking downcast-rs v1.2.1
    Checking profiling v1.0.18
    Checking raw-window-handle v0.6.2
    Checking equivalent v1.0.2
    Checking pin-project-lite v0.2.17
    Checking linebender_resource_handle v0.1.1
    Checking serde_core v1.0.229
    Checking libc v0.2.189
    Checking libm v0.2.16
    Checking simd-adler32 v0.3.10
    Checking fearless_simd v0.4.1
    Checking adler2 v2.0.1
    Checking slab v0.4.12
    Checking libloading v0.8.9
    Checking rustc-hash v1.1.0
    Checking self_cell v1.3.0
   Compiling proc-macro2 v1.0.107
    Checking lock_api v0.4.14
    Checking unicode-general-category v1.1.0
    Checking unicode-segmentation v1.13.3
    Checking epaint_default_fonts v0.36.2
    Checking nohash-hasher v0.2.0
    Checking unicode-width v0.2.2
    Checking bit-vec v0.9.1
    Checking static_assertions v1.1.0
    Checking crc32fast v1.5.1
    Checking allocator-api2 v0.2.21
    Checking hashbrown v0.17.1
    Checking glow v0.17.0
    Checking spirv v0.4.0+sdk-1.4.341.0
    Checking either v1.18.0
    Checking linux-raw-sys v0.4.15
    Checking pxfm v0.1.30
    Checking cursor-icon v1.2.0
    Checking presser v0.3.1
    Checking miniz_oxide v0.9.1
    Checking dlib v0.5.3
    Checking tracing-core v0.1.36
    Checking ash v0.38.0+1.3.281
    Checking polycool v0.4.0
    Checking fdeflate v0.3.7
    Checking miniz_oxide v0.8.9
    Checking xcursor v0.3.11
    Checking xkeysym v0.2.1
    Checking renderdoc-sys v1.1.0
    Checking wayland-sys v0.31.11
    Checking bit-set v0.10.0
    Checking byteorder-lite v0.1.0
    Checking x11rb-protocol v0.13.2
    Checking web-time v1.1.0
    Checking itertools v0.15.0
    Checking as-raw-xcb-connection v1.0.1
    Checking zmij v1.0.23
    Checking percent-encoding v2.3.2
    Checking codespan-reporting v0.13.1
    Checking itoa v1.0.18
    Checking crossbeam-utils v0.8.23
    Checking dpi v0.1.2
    Checking smol_str v0.2.2
    Checking twox-hash v2.1.4
    Checking glutin_egl_sys v0.7.1
   Compiling quote v1.0.47
    Checking hashbrown v0.16.1
    Checking lz4_flex v0.12.2
    Checking unicase v2.9.0
    Checking rustix v0.38.44
    Checking flate2 v1.1.10
    Checking rustc-hash v2.1.3
    Checking type-map v0.5.1
   Compiling quick-xml v0.41.0
    Checking indexmap v2.14.2
   Compiling syn v3.0.5
   Compiling syn v2.0.119
   Compiling serde_json v1.0.151
    Checking pulldown-cmark v0.13.4
    Checking xkbcommon-dl v0.4.2
    Checking png v0.18.1
    Checking crossbeam-channel v0.5.17
    Checking num-traits v0.2.19
    Checking getrandom v0.3.4
    Checking memmap2 v0.9.11
    Checking khronos-egl v6.0.0
    Checking x11-dl v2.21.0
    Checking euclid v0.22.14
    Checking ordered-float v5.5.0
    Checking rustix v1.1.4
   Compiling wayland-scanner v0.31.11
    Checking guillotiere v0.7.0
   Compiling pagefold-probe v0.1.0 (/nvme/development/pagefold)
    Checking uuid v1.26.0
    Checking moxcms v0.8.1
   Compiling serde_derive v1.0.229
   Compiling bytemuck_derive v1.12.0
   Compiling thiserror-impl v2.0.20
    Checking thiserror v2.0.20
    Checking naga-types v30.0.1
    Checking bytemuck v1.25.2
    Checking color v0.3.3
    Checking wgpu-types v30.0.1
    Checking glutin_glx_sys v0.6.1
    Checking glutin v0.32.3
   Compiling zerocopy-derive v0.8.57
   Compiling tracing-attributes v0.1.31
   Compiling enumn v0.1.14
   Compiling thiserror-impl v1.0.69
   Compiling enum-map-derive v0.17.0
    Checking enum-map v2.7.3
    Checking serde v1.0.229
    Checking image v0.25.10
    Checking polling v3.11.0
    Checking gethostname v1.1.0
    Checking thiserror v1.0.69
    Checking tracing v0.1.44
    Checking calloop v0.13.0
    Checking smallvec v1.16.0
    Checking font-types v0.12.5
    Checking emath v0.36.2
    Checking accesskit v0.24.1
    Checking calloop v0.14.4
    Checking polyorama-core v0.1.6 (/nvme/development/polyorama/crates/polyorama-core)
    Checking zerocopy v0.8.57
    Checking parking_lot_core v0.9.12
    Checking wayland-backend v0.3.17
    Checking kurbo v0.13.1
    Checking parking_lot v0.12.5
    Checking read-fonts v0.41.0
    Checking ecolor v0.36.2
    Checking wayland-client v0.31.15
    Checking wayland-csd-frame v0.3.0
    Checking peniko v0.6.1
    Checking vello_common v0.1.0
    Checking polyorama-runtime v0.1.6 (/nvme/development/polyorama/crates/polyorama-runtime)
    Checking vello_cpu v0.1.0
    Checking wayland-protocols v0.32.13
    Checking wayland-cursor v0.31.14
    Checking calloop-wayland-source v0.3.0
    Checking calloop-wayland-source v0.4.1
    Checking ahash v0.8.12
    Checking half v2.7.1
    Checking naga v30.0.1
    Checking x11rb v0.13.2
    Checking gpu-allocator v0.28.0
    Checking arboard v3.6.1
    Checking harfrust v0.12.0
    Checking skrifa v0.44.0
    Checking wayland-protocols-wlr v0.3.12
    Checking wayland-protocols-experimental v20250721.0.1
    Checking wayland-protocols-misc v0.3.12
    Checking wayland-protocols-plasma v0.3.12
    Checking smithay-client-toolkit v0.19.2
    Checking smithay-client-toolkit v0.20.0
    Checking smithay-clipboard v0.7.3
    Checking epaint v0.36.2
    Checking winit v0.30.13
    Checking egui v0.36.1
    Checking glutin-winit v0.5.0
    Checking wgpu-naga-bridge v30.0.1
    Checking wgpu-hal v30.0.1
    Checking wgpu-core-deps-windows-linux-android v30.0.1
    Checking wgpu-core v30.0.1
    Checking egui_extras v0.36.1
    Checking egui_glow v0.36.1
    Checking egui-winit v0.36.1
    Checking eframe v0.36.1
    Checking egui_commonmark_backend v0.25.0
    Checking egui_commonmark v0.25.0
    Checking wgpu v30.0.1
    Checking egui-wgpu v0.36.1
    Checking polyorama-render-wgpu v0.1.6 (/nvme/development/polyorama/crates/polyorama-render-wgpu)
    Checking polyorama-ui-egui v0.1.6 (/nvme/development/polyorama/crates/polyorama-ui-egui)
    Finished `dev` profile [unoptimized + debuginfo] target(s) in 10.85s
